// Jest Snapshot v1, https://goo.gl/fbAQLP

exports[`<GanttChartEditor /> spec renders the component 1`] = `
<div
  class="euiPanel euiPanel--paddingSmall euiPanel--borderRadiusMedium euiPanel--plain euiPanel--hasShadow"
>
  <h3
    class="euiTitle euiTitle--xsmall"
  >
    Metrics
  </h3>
  <div
    class="euiSpacer euiSpacer--s"
  />
  <div
    class="euiFormRow euiFormRow--compressed"
    id="random_html_id-row"
  >
    <div
      class="euiFormRow__labelWrapper"
    >
      <label
        class="euiFormLabel euiFormRow__label"
        for="random_html_id"
      >
        Event
      </label>
    </div>
    <div
      class="euiFormRow__fieldWrapper"
    >
      <div
        class="euiPopover euiPopover--anchorDownLeft euiPopover--displayBlock euiInputPopover euiSuperSelect"
      >
        <div
          class="euiPopover__anchor"
        >
          <div>
            <input
              id="random_html_id"
              type="hidden"
              value="spanID"
            />
            <div
              class="euiFormControlLayout euiFormControlLayout--compressed"
            >
              <div
                class="euiFormControlLayout__childrenWrapper"
              >
                <span
                  class="euiScreenReaderOnly"
                  id="random_html_id"
                >
                  Select an option: , is selected
                </span>
                <button
                  aria-describedby="random_html_id-help-0"
                  aria-haspopup="true"
                  aria-labelledby="random_html_id random_html_id"
                  class="euiSuperSelectControl euiSuperSelectControl--compressed"
                  data-test-subj="gantt-chart-editor-label-field"
                  type="button"
                />
                <div
                  class="euiFormControlLayoutIcons euiFormControlLayoutIcons--right"
                >
                  <span
                    class="euiFormControlLayoutCustomIcon"
                  >
                    <svg
                      aria-hidden="true"
                      class="euiIcon euiIcon--small euiIcon-isLoading euiFormControlLayoutCustomIcon__icon"
                      focusable="false"
                      height="16"
                      role="img"
                      viewBox="0 0 16 16"
                      width="16"
                      xmlns="http://www.w3.org/2000/svg"
                    >
                      <path
                        d="M5.277 10.088c.02.014.04.03.057.047.582.55 1.134.812 1.666.812.586 0 1.84-.293 3.713-.88L9 6.212V2H7v4.212l-1.723 3.876Zm-.438.987L3.539 14h8.922l-1.32-2.969C9.096 11.677 7.733 12 7 12c-.74 0-1.463-.315-2.161-.925ZM6 2H5V1h6v1h-1v4l3.375 7.594A1 1 0 0 1 12.461 15H3.54a1 1 0 0 1-.914-1.406L6 6V2Z"
                      />
                    </svg>
                  </span>
                </div>
              </div>
            </div>
          </div>
        </div>
      </div>
      <div
        class="euiFormHelpText euiFormRow__text"
        id="random_html_id-help-0"
      >
        Gantt chart allows you to compare schedules of the selected field.
      </div>
    </div>
  </div>
  <div
    class="euiFormRow euiFormRow--compressed"
    id="random_html_id-row"
  >
    <div
      class="euiFormRow__labelWrapper"
    >
      <label
        class="euiFormLabel euiFormRow__label"
        for="random_html_id"
      >
        Start time
      </label>
    </div>
    <div
      class="euiFormRow__fieldWrapper"
    >
      <div
        class="euiPopover euiPopover--anchorDownLeft euiPopover--displayBlock euiInputPopover euiSuperSelect"
      >
        <div
          class="euiPopover__anchor"
        >
          <div>
            <input
              id="random_html_id"
              type="hidden"
              value="startTime"
            />
            <div
              class="euiFormControlLayout euiFormControlLayout--compressed"
            >
              <div
                class="euiFormControlLayout__childrenWrapper"
              >
                <span
                  class="euiScreenReaderOnly"
                  id="random_html_id"
                >
                  Select an option: , is selected
                </span>
                <button
                  aria-describedby="random_html_id-help-0"
                  aria-haspopup="true"
                  aria-labelledby="random_html_id random_html_id"
                  class="euiSuperSelectControl euiSuperSelectControl--compressed"
                  data-test-subj="gantt-chart-editor-start-time-field"
                  type="button"
                />
                <div
                  class="euiFormControlLayoutIcons euiFormControlLayoutIcons--right"
                >
                  <span
                    class="euiFormControlLayoutCustomIcon"
                  >
                    <svg
                      aria-hidden="true"
                      class="euiIcon euiIcon--small euiIcon-isLoading euiFormControlLayoutCustomIcon__icon"
                      focusable="false"
                      height="16"
                      role="img"
                      viewBox="0 0 16 16"
                      width="16"
                      xmlns="http://www.w3.org/2000/svg"
                    >
                      <path
                        d="M5.277 10.088c.02.014.04.03.057.047.582.55 1.134.812 1.666.812.586 0 1.84-.293 3.713-.88L9 6.212V2H7v4.212l-1.723 3.876Zm-.438.987L3.539 14h8.922l-1.32-2.969C9.096 11.677 7.733 12 7 12c-.74 0-1.463-.315-2.161-.925ZM6 2H5V1h6v1h-1v4l3.375 7.594A1 1 0 0 1 12.461 15H3.54a1 1 0 0 1-.914-1.406L6 6V2Z"
                      />
                    </svg>
                  </span>
                </div>
              </div>
            </div>
          </div>
        </div>
      </div>
      <div
        class="euiFormHelpText euiFormRow__text"
        id="random_html_id-help-0"
      >
        Select a timestamp field to represent the beginning of a schedule.
      </div>
    </div>
  </div>
  <div
    class="euiFormRow euiFormRow--compressed"
    id="random_html_id-row"
  >
    <div
      class="euiFormRow__labelWrapper"
    >
      <label
        class="euiFormLabel euiFormRow__label"
        for="random_html_id"
      >
        Duration
      </label>
    </div>
    <div
      class="euiFormRow__fieldWrapper"
    >
      <div
        class="euiPopover euiPopover--anchorDownLeft euiPopover--displayBlock euiInputPopover euiSuperSelect"
      >
        <div
          class="euiPopover__anchor"
        >
          <div>
            <input
              id="random_html_id"
              type="hidden"
              value="duration"
            />
            <div
              class="euiFormControlLayout euiFormControlLayout--compressed"
            >
              <div
                class="euiFormControlLayout__childrenWrapper"
              >
                <span
                  class="euiScreenReaderOnly"
                  id="random_html_id"
                >
                  Select an option: , is selected
                </span>
                <button
                  aria-describedby="random_html_id-help-0"
                  aria-haspopup="true"
                  aria-labelledby="random_html_id random_html_id"
                  class="euiSuperSelectControl euiSuperSelectControl--compressed"
                  data-test-subj="gantt-chart-editor-duration-field"
                  type="button"
                />
                <div
                  class="euiFormControlLayoutIcons euiFormControlLayoutIcons--right"
                >
                  <span
                    class="euiFormControlLayoutCustomIcon"
                  >
                    <svg
                      aria-hidden="true"
                      class="euiIcon euiIcon--small euiIcon-isLoading euiFormControlLayoutCustomIcon__icon"
                      focusable="false"
                      height="16"
                      role="img"
                      viewBox="0 0 16 16"
                      width="16"
                      xmlns="http://www.w3.org/2000/svg"
                    >
                      <path
                        d="M5.277 10.088c.02.014.04.03.057.047.582.55 1.134.812 1.666.812.586 0 1.84-.293 3.713-.88L9 6.212V2H7v4.212l-1.723 3.876Zm-.438.987L3.539 14h8.922l-1.32-2.969C9.096 11.677 7.733 12 7 12c-.74 0-1.463-.315-2.161-.925ZM6 2H5V1h6v1h-1v4l3.375 7.594A1 1 0 0 1 12.461 15H3.54a1 1 0 0 1-.914-1.406L6 6V2Z"
                      />
                    </svg>
                  </span>
                </div>
              </div>
            </div>
          </div>
        </div>
      </div>
      <div
        class="euiFormHelpText euiFormRow__text"
        id="random_html_id-help-0"
      >
        Value of duration field must be a time interval that can be added to the start timestamp field.
      </div>
    </div>
  </div>
</div>
`;
